WARNING:root:This is my warning log
WARNING:root:This is my warning log
WARNING:root:This is my warning log
INFO:root:This is my info log
WARNING:root:This is my warning log
